MPLINK 5.09, LINKER
Linker Map File - Created Thu Nov 26 12:18:28 2020

                                 Section Info
                  Section       Type    Address   Location Size(Bytes)
                ---------  ---------  ---------  ---------  ---------
                 RES_VECT       code   0x000000    program   0x000002
                   .cinit    romdata   0x000001    program   0x000004
                 INT_VECT       code   0x000004    program   0x000196
                MAIN_PROG       code   0x0000cf    program   0x000110
.config_2007_BUILD/DEFAULT/DEBUG/MAIN.O       code   0x002007    program   0x000002
.config_2008_BUILD/DEFAULT/DEBUG/MAIN.O       code   0x002008    program   0x000002
                     VARS      udata   0x000020       data   0x00002d



                              Program Memory Usage 
                               Start         End      
                           ---------   ---------      
                            0x000000    0x000002      
                            0x000004    0x000156      
                            0x002007    0x002008      
            344 out of 8455 program addresses used, program memory utilization is 4%



                              Symbols - Sorted by Name
                     Name    Address   Location    Storage File                     
                ---------  ---------  ---------  --------- ---------                
                 CENTENAS   0x000132    program     static C:\Users\AngelOrellana\OneDrive\Escritorio\uvg\4toSemestre\PrograDeMicros\Proyecto3\Projecto3.X\main.asm
                    CINCO   0x0000b7    program     static C:\Users\AngelOrellana\OneDrive\Escritorio\uvg\4toSemestre\PrograDeMicros\Proyecto3\Projecto3.X\main.asm
                     COMA   0x0000c7    program     static C:\Users\AngelOrellana\OneDrive\Escritorio\uvg\4toSemestre\PrograDeMicros\Proyecto3\Projecto3.X\main.asm
     CONVERTIR_BIN_TO_BCD   0x00012f    program     static C:\Users\AngelOrellana\OneDrive\Escritorio\uvg\4toSemestre\PrograDeMicros\Proyecto3\Projecto3.X\main.asm
                   CUATRO   0x0000b5    program     static C:\Users\AngelOrellana\OneDrive\Escritorio\uvg\4toSemestre\PrograDeMicros\Proyecto3\Projecto3.X\main.asm
                  DECENAS   0x000139    program     static C:\Users\AngelOrellana\OneDrive\Escritorio\uvg\4toSemestre\PrograDeMicros\Proyecto3\Projecto3.X\main.asm
                     DIEZ   0x0000c1    program     static C:\Users\AngelOrellana\OneDrive\Escritorio\uvg\4toSemestre\PrograDeMicros\Proyecto3\Projecto3.X\main.asm
                     DOCE   0x0000c5    program     static C:\Users\AngelOrellana\OneDrive\Escritorio\uvg\4toSemestre\PrograDeMicros\Proyecto3\Projecto3.X\main.asm
                      DOS   0x0000b1    program     static C:\Users\AngelOrellana\OneDrive\Escritorio\uvg\4toSemestre\PrograDeMicros\Proyecto3\Projecto3.X\main.asm
                   ENVIAR   0x0000cb    program     static C:\Users\AngelOrellana\OneDrive\Escritorio\uvg\4toSemestre\PrograDeMicros\Proyecto3\Projecto3.X\main.asm
          ENVIAR_SIN_SUMA   0x0000cc    program     static C:\Users\AngelOrellana\OneDrive\Escritorio\uvg\4toSemestre\PrograDeMicros\Proyecto3\Projecto3.X\main.asm
                  ES_ADC0   0x000080    program     static C:\Users\AngelOrellana\OneDrive\Escritorio\uvg\4toSemestre\PrograDeMicros\Proyecto3\Projecto3.X\main.asm
                  ES_ADC1   0x000085    program     static C:\Users\AngelOrellana\OneDrive\Escritorio\uvg\4toSemestre\PrograDeMicros\Proyecto3\Projecto3.X\main.asm
                  ES_ADC2   0x00008a    program     static C:\Users\AngelOrellana\OneDrive\Escritorio\uvg\4toSemestre\PrograDeMicros\Proyecto3\Projecto3.X\main.asm
                  ES_ADC3   0x00008f    program     static C:\Users\AngelOrellana\OneDrive\Escritorio\uvg\4toSemestre\PrograDeMicros\Proyecto3\Projecto3.X\main.asm
                      FIN   0x000093    program     static C:\Users\AngelOrellana\OneDrive\Escritorio\uvg\4toSemestre\PrograDeMicros\Proyecto3\Projecto3.X\main.asm
                    FINAL   0x0000c9    program     static C:\Users\AngelOrellana\OneDrive\Escritorio\uvg\4toSemestre\PrograDeMicros\Proyecto3\Projecto3.X\main.asm
                FIN_VALOR   0x000052    program     static C:\Users\AngelOrellana\OneDrive\Escritorio\uvg\4toSemestre\PrograDeMicros\Proyecto3\Projecto3.X\main.asm
                  GUARDAR   0x000147    program     static C:\Users\AngelOrellana\OneDrive\Escritorio\uvg\4toSemestre\PrograDeMicros\Proyecto3\Projecto3.X\main.asm
           INICIO_PERIODO   0x000010    program     static C:\Users\AngelOrellana\OneDrive\Escritorio\uvg\4toSemestre\PrograDeMicros\Proyecto3\Projecto3.X\main.asm
                  INT_ADC   0x000076    program     static C:\Users\AngelOrellana\OneDrive\Escritorio\uvg\4toSemestre\PrograDeMicros\Proyecto3\Projecto3.X\main.asm
                   INT_RX   0x000021    program     static C:\Users\AngelOrellana\OneDrive\Escritorio\uvg\4toSemestre\PrograDeMicros\Proyecto3\Projecto3.X\main.asm
                 INT_TMR0   0x000007    program     static C:\Users\AngelOrellana\OneDrive\Escritorio\uvg\4toSemestre\PrograDeMicros\Proyecto3\Projecto3.X\main.asm
                     LOAD   0x000095    program     static C:\Users\AngelOrellana\OneDrive\Escritorio\uvg\4toSemestre\PrograDeMicros\Proyecto3\Projecto3.X\main.asm
                     LOOP   0x000105    program     static C:\Users\AngelOrellana\OneDrive\Escritorio\uvg\4toSemestre\PrograDeMicros\Proyecto3\Projecto3.X\main.asm
                 NO_SERVO   0x000075    program     static C:\Users\AngelOrellana\OneDrive\Escritorio\uvg\4toSemestre\PrograDeMicros\Proyecto3\Projecto3.X\main.asm
                    NUEVE   0x0000bf    program     static C:\Users\AngelOrellana\OneDrive\Escritorio\uvg\4toSemestre\PrograDeMicros\Proyecto3\Projecto3.X\main.asm
                     OCHO   0x0000bd    program     static C:\Users\AngelOrellana\OneDrive\Escritorio\uvg\4toSemestre\PrograDeMicros\Proyecto3\Projecto3.X\main.asm
                     ONCE   0x0000c3    program     static C:\Users\AngelOrellana\OneDrive\Escritorio\uvg\4toSemestre\PrograDeMicros\Proyecto3\Projecto3.X\main.asm
                     PWM1   0x000016    program     static C:\Users\AngelOrellana\OneDrive\Escritorio\uvg\4toSemestre\PrograDeMicros\Proyecto3\Projecto3.X\main.asm
                     PWM2   0x00001d    program     static C:\Users\AngelOrellana\OneDrive\Escritorio\uvg\4toSemestre\PrograDeMicros\Proyecto3\Projecto3.X\main.asm
                     SAVE   0x000004    program     static C:\Users\AngelOrellana\OneDrive\Escritorio\uvg\4toSemestre\PrograDeMicros\Proyecto3\Projecto3.X\main.asm
                     SEIS   0x0000b9    program     static C:\Users\AngelOrellana\OneDrive\Escritorio\uvg\4toSemestre\PrograDeMicros\Proyecto3\Projecto3.X\main.asm
                SEND_DATA   0x00009a    program     static C:\Users\AngelOrellana\OneDrive\Escritorio\uvg\4toSemestre\PrograDeMicros\Proyecto3\Projecto3.X\main.asm
                   SERVO1   0x000060    program     static C:\Users\AngelOrellana\OneDrive\Escritorio\uvg\4toSemestre\PrograDeMicros\Proyecto3\Projecto3.X\main.asm
                   SERVO2   0x000067    program     static C:\Users\AngelOrellana\OneDrive\Escritorio\uvg\4toSemestre\PrograDeMicros\Proyecto3\Projecto3.X\main.asm
                   SERVO3   0x00006e    program     static C:\Users\AngelOrellana\OneDrive\Escritorio\uvg\4toSemestre\PrograDeMicros\Proyecto3\Projecto3.X\main.asm
                    SIETE   0x0000bb    program     static C:\Users\AngelOrellana\OneDrive\Escritorio\uvg\4toSemestre\PrograDeMicros\Proyecto3\Projecto3.X\main.asm
                    START   0x0000cf    program     static C:\Users\AngelOrellana\OneDrive\Escritorio\uvg\4toSemestre\PrograDeMicros\Proyecto3\Projecto3.X\main.asm
                     TRES   0x0000b3    program     static C:\Users\AngelOrellana\OneDrive\Escritorio\uvg\4toSemestre\PrograDeMicros\Proyecto3\Projecto3.X\main.asm
                 UNIDADES   0x000140    program     static C:\Users\AngelOrellana\OneDrive\Escritorio\uvg\4toSemestre\PrograDeMicros\Proyecto3\Projecto3.X\main.asm
                      UNO   0x0000af    program     static C:\Users\AngelOrellana\OneDrive\Escritorio\uvg\4toSemestre\PrograDeMicros\Proyecto3\Projecto3.X\main.asm
                   VALOR0   0x00002f    program     static C:\Users\AngelOrellana\OneDrive\Escritorio\uvg\4toSemestre\PrograDeMicros\Proyecto3\Projecto3.X\main.asm
                   VALOR1   0x000038    program     static C:\Users\AngelOrellana\OneDrive\Escritorio\uvg\4toSemestre\PrograDeMicros\Proyecto3\Projecto3.X\main.asm
                   VALOR2   0x000041    program     static C:\Users\AngelOrellana\OneDrive\Escritorio\uvg\4toSemestre\PrograDeMicros\Proyecto3\Projecto3.X\main.asm
                   VALOR3   0x00004a    program     static C:\Users\AngelOrellana\OneDrive\Escritorio\uvg\4toSemestre\PrograDeMicros\Proyecto3\Projecto3.X\main.asm
                VALOR_PWM   0x000150    program     static C:\Users\AngelOrellana\OneDrive\Escritorio\uvg\4toSemestre\PrograDeMicros\Proyecto3\Projecto3.X\main.asm
                VER_VALOR   0x000059    program     static C:\Users\AngelOrellana\OneDrive\Escritorio\uvg\4toSemestre\PrograDeMicros\Proyecto3\Projecto3.X\main.asm
                     ADC0   0x000020       data     static C:\Users\AngelOrellana\OneDrive\Escritorio\uvg\4toSemestre\PrograDeMicros\Proyecto3\Projecto3.X\main.asm
                     ADC1   0x000021       data     static C:\Users\AngelOrellana\OneDrive\Escritorio\uvg\4toSemestre\PrograDeMicros\Proyecto3\Projecto3.X\main.asm
                     ADC2   0x000022       data     static C:\Users\AngelOrellana\OneDrive\Escritorio\uvg\4toSemestre\PrograDeMicros\Proyecto3\Projecto3.X\main.asm
                     ADC3   0x000023       data     static C:\Users\AngelOrellana\OneDrive\Escritorio\uvg\4toSemestre\PrograDeMicros\Proyecto3\Projecto3.X\main.asm
               AJUSTE_PWM   0x000029       data     static C:\Users\AngelOrellana\OneDrive\Escritorio\uvg\4toSemestre\PrograDeMicros\Proyecto3\Projecto3.X\main.asm
             CONTADOR_ADC   0x000024       data     static C:\Users\AngelOrellana\OneDrive\Escritorio\uvg\4toSemestre\PrograDeMicros\Proyecto3\Projecto3.X\main.asm
             CONTADOR_PWM   0x000028       data     static C:\Users\AngelOrellana\OneDrive\Escritorio\uvg\4toSemestre\PrograDeMicros\Proyecto3\Projecto3.X\main.asm
              CONTADOR_RC   0x00002e       data     static C:\Users\AngelOrellana\OneDrive\Escritorio\uvg\4toSemestre\PrograDeMicros\Proyecto3\Projecto3.X\main.asm
              CONTADOR_TX   0x00002d       data     static C:\Users\AngelOrellana\OneDrive\Escritorio\uvg\4toSemestre\PrograDeMicros\Proyecto3\Projecto3.X\main.asm
                    FLAGS   0x000025       data     static C:\Users\AngelOrellana\OneDrive\Escritorio\uvg\4toSemestre\PrograDeMicros\Proyecto3\Projecto3.X\main.asm
                   RC_AUX   0x00003c       data     static C:\Users\AngelOrellana\OneDrive\Escritorio\uvg\4toSemestre\PrograDeMicros\Proyecto3\Projecto3.X\main.asm
                SECUENCIA   0x00002c       data     static C:\Users\AngelOrellana\OneDrive\Escritorio\uvg\4toSemestre\PrograDeMicros\Proyecto3\Projecto3.X\main.asm
       SERVO0_CENTENAS_RX   0x00002f       data     static C:\Users\AngelOrellana\OneDrive\Escritorio\uvg\4toSemestre\PrograDeMicros\Proyecto3\Projecto3.X\main.asm
        SERVO0_DECENAS_RX   0x000030       data     static C:\Users\AngelOrellana\OneDrive\Escritorio\uvg\4toSemestre\PrograDeMicros\Proyecto3\Projecto3.X\main.asm
       SERVO0_UNIDADES_RX   0x000031       data     static C:\Users\AngelOrellana\OneDrive\Escritorio\uvg\4toSemestre\PrograDeMicros\Proyecto3\Projecto3.X\main.asm
       SERVO1_CENTENAS_RX   0x000032       data     static C:\Users\AngelOrellana\OneDrive\Escritorio\uvg\4toSemestre\PrograDeMicros\Proyecto3\Projecto3.X\main.asm
        SERVO1_DECENAS_RX   0x000033       data     static C:\Users\AngelOrellana\OneDrive\Escritorio\uvg\4toSemestre\PrograDeMicros\Proyecto3\Projecto3.X\main.asm
       SERVO1_UNIDADES_RX   0x000034       data     static C:\Users\AngelOrellana\OneDrive\Escritorio\uvg\4toSemestre\PrograDeMicros\Proyecto3\Projecto3.X\main.asm
       SERVO2_CENTENAS_RX   0x000035       data     static C:\Users\AngelOrellana\OneDrive\Escritorio\uvg\4toSemestre\PrograDeMicros\Proyecto3\Projecto3.X\main.asm
        SERVO2_DECENAS_RX   0x000036       data     static C:\Users\AngelOrellana\OneDrive\Escritorio\uvg\4toSemestre\PrograDeMicros\Proyecto3\Projecto3.X\main.asm
       SERVO2_UNIDADES_RX   0x000037       data     static C:\Users\AngelOrellana\OneDrive\Escritorio\uvg\4toSemestre\PrograDeMicros\Proyecto3\Projecto3.X\main.asm
       SERVO3_CENTENAS_RX   0x000038       data     static C:\Users\AngelOrellana\OneDrive\Escritorio\uvg\4toSemestre\PrograDeMicros\Proyecto3\Projecto3.X\main.asm
        SERVO3_DECENAS_RX   0x000039       data     static C:\Users\AngelOrellana\OneDrive\Escritorio\uvg\4toSemestre\PrograDeMicros\Proyecto3\Projecto3.X\main.asm
       SERVO3_UNIDADES_RX   0x00003a       data     static C:\Users\AngelOrellana\OneDrive\Escritorio\uvg\4toSemestre\PrograDeMicros\Proyecto3\Projecto3.X\main.asm
            SERVO_GUARDAR   0x00003b       data     static C:\Users\AngelOrellana\OneDrive\Escritorio\uvg\4toSemestre\PrograDeMicros\Proyecto3\Projecto3.X\main.asm
               STATUS_RAM   0x000027       data     static C:\Users\AngelOrellana\OneDrive\Escritorio\uvg\4toSemestre\PrograDeMicros\Proyecto3\Projecto3.X\main.asm
                 TRABAJO1   0x00002a       data     static C:\Users\AngelOrellana\OneDrive\Escritorio\uvg\4toSemestre\PrograDeMicros\Proyecto3\Projecto3.X\main.asm
                 TRABAJO2   0x00002b       data     static C:\Users\AngelOrellana\OneDrive\Escritorio\uvg\4toSemestre\PrograDeMicros\Proyecto3\Projecto3.X\main.asm
                VALOR_BIN   0x000049       data     static C:\Users\AngelOrellana\OneDrive\Escritorio\uvg\4toSemestre\PrograDeMicros\Proyecto3\Projecto3.X\main.asm
           VALOR_CENTENAS   0x00004a       data     static C:\Users\AngelOrellana\OneDrive\Escritorio\uvg\4toSemestre\PrograDeMicros\Proyecto3\Projecto3.X\main.asm
    VALOR_CENTENAS_SERVO0   0x00003d       data     static C:\Users\AngelOrellana\OneDrive\Escritorio\uvg\4toSemestre\PrograDeMicros\Proyecto3\Projecto3.X\main.asm
    VALOR_CENTENAS_SERVO1   0x000046       data     static C:\Users\AngelOrellana\OneDrive\Escritorio\uvg\4toSemestre\PrograDeMicros\Proyecto3\Projecto3.X\main.asm
    VALOR_CENTENAS_SERVO2   0x000040       data     static C:\Users\AngelOrellana\OneDrive\Escritorio\uvg\4toSemestre\PrograDeMicros\Proyecto3\Projecto3.X\main.asm
    VALOR_CENTENAS_SERVO3   0x000043       data     static C:\Users\AngelOrellana\OneDrive\Escritorio\uvg\4toSemestre\PrograDeMicros\Proyecto3\Projecto3.X\main.asm
            VALOR_DECENAS   0x00004b       data     static C:\Users\AngelOrellana\OneDrive\Escritorio\uvg\4toSemestre\PrograDeMicros\Proyecto3\Projecto3.X\main.asm
     VALOR_DECENAS_SERVO0   0x00003e       data     static C:\Users\AngelOrellana\OneDrive\Escritorio\uvg\4toSemestre\PrograDeMicros\Proyecto3\Projecto3.X\main.asm
     VALOR_DECENAS_SERVO1   0x000047       data     static C:\Users\AngelOrellana\OneDrive\Escritorio\uvg\4toSemestre\PrograDeMicros\Proyecto3\Projecto3.X\main.asm
     VALOR_DECENAS_SERVO2   0x000041       data     static C:\Users\AngelOrellana\OneDrive\Escritorio\uvg\4toSemestre\PrograDeMicros\Proyecto3\Projecto3.X\main.asm
     VALOR_DECENAS_SERVO3   0x000044       data     static C:\Users\AngelOrellana\OneDrive\Escritorio\uvg\4toSemestre\PrograDeMicros\Proyecto3\Projecto3.X\main.asm
           VALOR_UNIDADES   0x00004c       data     static C:\Users\AngelOrellana\OneDrive\Escritorio\uvg\4toSemestre\PrograDeMicros\Proyecto3\Projecto3.X\main.asm
    VALOR_UNIDADES_SERVO0   0x00003f       data     static C:\Users\AngelOrellana\OneDrive\Escritorio\uvg\4toSemestre\PrograDeMicros\Proyecto3\Projecto3.X\main.asm
    VALOR_UNIDADES_SERVO1   0x000048       data     static C:\Users\AngelOrellana\OneDrive\Escritorio\uvg\4toSemestre\PrograDeMicros\Proyecto3\Projecto3.X\main.asm
    VALOR_UNIDADES_SERVO2   0x000042       data     static C:\Users\AngelOrellana\OneDrive\Escritorio\uvg\4toSemestre\PrograDeMicros\Proyecto3\Projecto3.X\main.asm
    VALOR_UNIDADES_SERVO3   0x000045       data     static C:\Users\AngelOrellana\OneDrive\Escritorio\uvg\4toSemestre\PrograDeMicros\Proyecto3\Projecto3.X\main.asm
                    W_RAM   0x000026       data     static C:\Users\AngelOrellana\OneDrive\Escritorio\uvg\4toSemestre\PrograDeMicros\Proyecto3\Projecto3.X\main.asm



                              Symbols - Sorted by Address
                     Name    Address   Location    Storage File                     
                ---------  ---------  ---------  --------- ---------                
                     SAVE   0x000004    program     static C:\Users\AngelOrellana\OneDrive\Escritorio\uvg\4toSemestre\PrograDeMicros\Proyecto3\Projecto3.X\main.asm
                 INT_TMR0   0x000007    program     static C:\Users\AngelOrellana\OneDrive\Escritorio\uvg\4toSemestre\PrograDeMicros\Proyecto3\Projecto3.X\main.asm
           INICIO_PERIODO   0x000010    program     static C:\Users\AngelOrellana\OneDrive\Escritorio\uvg\4toSemestre\PrograDeMicros\Proyecto3\Projecto3.X\main.asm
                     PWM1   0x000016    program     static C:\Users\AngelOrellana\OneDrive\Escritorio\uvg\4toSemestre\PrograDeMicros\Proyecto3\Projecto3.X\main.asm
                     PWM2   0x00001d    program     static C:\Users\AngelOrellana\OneDrive\Escritorio\uvg\4toSemestre\PrograDeMicros\Proyecto3\Projecto3.X\main.asm
                   INT_RX   0x000021    program     static C:\Users\AngelOrellana\OneDrive\Escritorio\uvg\4toSemestre\PrograDeMicros\Proyecto3\Projecto3.X\main.asm
                   VALOR0   0x00002f    program     static C:\Users\AngelOrellana\OneDrive\Escritorio\uvg\4toSemestre\PrograDeMicros\Proyecto3\Projecto3.X\main.asm
                   VALOR1   0x000038    program     static C:\Users\AngelOrellana\OneDrive\Escritorio\uvg\4toSemestre\PrograDeMicros\Proyecto3\Projecto3.X\main.asm
                   VALOR2   0x000041    program     static C:\Users\AngelOrellana\OneDrive\Escritorio\uvg\4toSemestre\PrograDeMicros\Proyecto3\Projecto3.X\main.asm
                   VALOR3   0x00004a    program     static C:\Users\AngelOrellana\OneDrive\Escritorio\uvg\4toSemestre\PrograDeMicros\Proyecto3\Projecto3.X\main.asm
                FIN_VALOR   0x000052    program     static C:\Users\AngelOrellana\OneDrive\Escritorio\uvg\4toSemestre\PrograDeMicros\Proyecto3\Projecto3.X\main.asm
                VER_VALOR   0x000059    program     static C:\Users\AngelOrellana\OneDrive\Escritorio\uvg\4toSemestre\PrograDeMicros\Proyecto3\Projecto3.X\main.asm
                   SERVO1   0x000060    program     static C:\Users\AngelOrellana\OneDrive\Escritorio\uvg\4toSemestre\PrograDeMicros\Proyecto3\Projecto3.X\main.asm
                   SERVO2   0x000067    program     static C:\Users\AngelOrellana\OneDrive\Escritorio\uvg\4toSemestre\PrograDeMicros\Proyecto3\Projecto3.X\main.asm
                   SERVO3   0x00006e    program     static C:\Users\AngelOrellana\OneDrive\Escritorio\uvg\4toSemestre\PrograDeMicros\Proyecto3\Projecto3.X\main.asm
                 NO_SERVO   0x000075    program     static C:\Users\AngelOrellana\OneDrive\Escritorio\uvg\4toSemestre\PrograDeMicros\Proyecto3\Projecto3.X\main.asm
                  INT_ADC   0x000076    program     static C:\Users\AngelOrellana\OneDrive\Escritorio\uvg\4toSemestre\PrograDeMicros\Proyecto3\Projecto3.X\main.asm
                  ES_ADC0   0x000080    program     static C:\Users\AngelOrellana\OneDrive\Escritorio\uvg\4toSemestre\PrograDeMicros\Proyecto3\Projecto3.X\main.asm
                  ES_ADC1   0x000085    program     static C:\Users\AngelOrellana\OneDrive\Escritorio\uvg\4toSemestre\PrograDeMicros\Proyecto3\Projecto3.X\main.asm
                  ES_ADC2   0x00008a    program     static C:\Users\AngelOrellana\OneDrive\Escritorio\uvg\4toSemestre\PrograDeMicros\Proyecto3\Projecto3.X\main.asm
                  ES_ADC3   0x00008f    program     static C:\Users\AngelOrellana\OneDrive\Escritorio\uvg\4toSemestre\PrograDeMicros\Proyecto3\Projecto3.X\main.asm
                      FIN   0x000093    program     static C:\Users\AngelOrellana\OneDrive\Escritorio\uvg\4toSemestre\PrograDeMicros\Proyecto3\Projecto3.X\main.asm
                     LOAD   0x000095    program     static C:\Users\AngelOrellana\OneDrive\Escritorio\uvg\4toSemestre\PrograDeMicros\Proyecto3\Projecto3.X\main.asm
                SEND_DATA   0x00009a    program     static C:\Users\AngelOrellana\OneDrive\Escritorio\uvg\4toSemestre\PrograDeMicros\Proyecto3\Projecto3.X\main.asm
                      UNO   0x0000af    program     static C:\Users\AngelOrellana\OneDrive\Escritorio\uvg\4toSemestre\PrograDeMicros\Proyecto3\Projecto3.X\main.asm
                      DOS   0x0000b1    program     static C:\Users\AngelOrellana\OneDrive\Escritorio\uvg\4toSemestre\PrograDeMicros\Proyecto3\Projecto3.X\main.asm
                     TRES   0x0000b3    program     static C:\Users\AngelOrellana\OneDrive\Escritorio\uvg\4toSemestre\PrograDeMicros\Proyecto3\Projecto3.X\main.asm
                   CUATRO   0x0000b5    program     static C:\Users\AngelOrellana\OneDrive\Escritorio\uvg\4toSemestre\PrograDeMicros\Proyecto3\Projecto3.X\main.asm
                    CINCO   0x0000b7    program     static C:\Users\AngelOrellana\OneDrive\Escritorio\uvg\4toSemestre\PrograDeMicros\Proyecto3\Projecto3.X\main.asm
                     SEIS   0x0000b9    program     static C:\Users\AngelOrellana\OneDrive\Escritorio\uvg\4toSemestre\PrograDeMicros\Proyecto3\Projecto3.X\main.asm
                    SIETE   0x0000bb    program     static C:\Users\AngelOrellana\OneDrive\Escritorio\uvg\4toSemestre\PrograDeMicros\Proyecto3\Projecto3.X\main.asm
                     OCHO   0x0000bd    program     static C:\Users\AngelOrellana\OneDrive\Escritorio\uvg\4toSemestre\PrograDeMicros\Proyecto3\Projecto3.X\main.asm
                    NUEVE   0x0000bf    program     static C:\Users\AngelOrellana\OneDrive\Escritorio\uvg\4toSemestre\PrograDeMicros\Proyecto3\Projecto3.X\main.asm
                     DIEZ   0x0000c1    program     static C:\Users\AngelOrellana\OneDrive\Escritorio\uvg\4toSemestre\PrograDeMicros\Proyecto3\Projecto3.X\main.asm
                     ONCE   0x0000c3    program     static C:\Users\AngelOrellana\OneDrive\Escritorio\uvg\4toSemestre\PrograDeMicros\Proyecto3\Projecto3.X\main.asm
                     DOCE   0x0000c5    program     static C:\Users\AngelOrellana\OneDrive\Escritorio\uvg\4toSemestre\PrograDeMicros\Proyecto3\Projecto3.X\main.asm
                     COMA   0x0000c7    program     static C:\Users\AngelOrellana\OneDrive\Escritorio\uvg\4toSemestre\PrograDeMicros\Proyecto3\Projecto3.X\main.asm
                    FINAL   0x0000c9    program     static C:\Users\AngelOrellana\OneDrive\Escritorio\uvg\4toSemestre\PrograDeMicros\Proyecto3\Projecto3.X\main.asm
                   ENVIAR   0x0000cb    program     static C:\Users\AngelOrellana\OneDrive\Escritorio\uvg\4toSemestre\PrograDeMicros\Proyecto3\Projecto3.X\main.asm
          ENVIAR_SIN_SUMA   0x0000cc    program     static C:\Users\AngelOrellana\OneDrive\Escritorio\uvg\4toSemestre\PrograDeMicros\Proyecto3\Projecto3.X\main.asm
                    START   0x0000cf    program     static C:\Users\AngelOrellana\OneDrive\Escritorio\uvg\4toSemestre\PrograDeMicros\Proyecto3\Projecto3.X\main.asm
                     LOOP   0x000105    program     static C:\Users\AngelOrellana\OneDrive\Escritorio\uvg\4toSemestre\PrograDeMicros\Proyecto3\Projecto3.X\main.asm
     CONVERTIR_BIN_TO_BCD   0x00012f    program     static C:\Users\AngelOrellana\OneDrive\Escritorio\uvg\4toSemestre\PrograDeMicros\Proyecto3\Projecto3.X\main.asm
                 CENTENAS   0x000132    program     static C:\Users\AngelOrellana\OneDrive\Escritorio\uvg\4toSemestre\PrograDeMicros\Proyecto3\Projecto3.X\main.asm
                  DECENAS   0x000139    program     static C:\Users\AngelOrellana\OneDrive\Escritorio\uvg\4toSemestre\PrograDeMicros\Proyecto3\Projecto3.X\main.asm
                 UNIDADES   0x000140    program     static C:\Users\AngelOrellana\OneDrive\Escritorio\uvg\4toSemestre\PrograDeMicros\Proyecto3\Projecto3.X\main.asm
                  GUARDAR   0x000147    program     static C:\Users\AngelOrellana\OneDrive\Escritorio\uvg\4toSemestre\PrograDeMicros\Proyecto3\Projecto3.X\main.asm
                VALOR_PWM   0x000150    program     static C:\Users\AngelOrellana\OneDrive\Escritorio\uvg\4toSemestre\PrograDeMicros\Proyecto3\Projecto3.X\main.asm
                     ADC0   0x000020       data     static C:\Users\AngelOrellana\OneDrive\Escritorio\uvg\4toSemestre\PrograDeMicros\Proyecto3\Projecto3.X\main.asm
                     ADC1   0x000021       data     static C:\Users\AngelOrellana\OneDrive\Escritorio\uvg\4toSemestre\PrograDeMicros\Proyecto3\Projecto3.X\main.asm
                     ADC2   0x000022       data     static C:\Users\AngelOrellana\OneDrive\Escritorio\uvg\4toSemestre\PrograDeMicros\Proyecto3\Projecto3.X\main.asm
                     ADC3   0x000023       data     static C:\Users\AngelOrellana\OneDrive\Escritorio\uvg\4toSemestre\PrograDeMicros\Proyecto3\Projecto3.X\main.asm
             CONTADOR_ADC   0x000024       data     static C:\Users\AngelOrellana\OneDrive\Escritorio\uvg\4toSemestre\PrograDeMicros\Proyecto3\Projecto3.X\main.asm
                    FLAGS   0x000025       data     static C:\Users\AngelOrellana\OneDrive\Escritorio\uvg\4toSemestre\PrograDeMicros\Proyecto3\Projecto3.X\main.asm
                    W_RAM   0x000026       data     static C:\Users\AngelOrellana\OneDrive\Escritorio\uvg\4toSemestre\PrograDeMicros\Proyecto3\Projecto3.X\main.asm
               STATUS_RAM   0x000027       data     static C:\Users\AngelOrellana\OneDrive\Escritorio\uvg\4toSemestre\PrograDeMicros\Proyecto3\Projecto3.X\main.asm
             CONTADOR_PWM   0x000028       data     static C:\Users\AngelOrellana\OneDrive\Escritorio\uvg\4toSemestre\PrograDeMicros\Proyecto3\Projecto3.X\main.asm
               AJUSTE_PWM   0x000029       data     static C:\Users\AngelOrellana\OneDrive\Escritorio\uvg\4toSemestre\PrograDeMicros\Proyecto3\Projecto3.X\main.asm
                 TRABAJO1   0x00002a       data     static C:\Users\AngelOrellana\OneDrive\Escritorio\uvg\4toSemestre\PrograDeMicros\Proyecto3\Projecto3.X\main.asm
                 TRABAJO2   0x00002b       data     static C:\Users\AngelOrellana\OneDrive\Escritorio\uvg\4toSemestre\PrograDeMicros\Proyecto3\Projecto3.X\main.asm
                SECUENCIA   0x00002c       data     static C:\Users\AngelOrellana\OneDrive\Escritorio\uvg\4toSemestre\PrograDeMicros\Proyecto3\Projecto3.X\main.asm
              CONTADOR_TX   0x00002d       data     static C:\Users\AngelOrellana\OneDrive\Escritorio\uvg\4toSemestre\PrograDeMicros\Proyecto3\Projecto3.X\main.asm
              CONTADOR_RC   0x00002e       data     static C:\Users\AngelOrellana\OneDrive\Escritorio\uvg\4toSemestre\PrograDeMicros\Proyecto3\Projecto3.X\main.asm
       SERVO0_CENTENAS_RX   0x00002f       data     static C:\Users\AngelOrellana\OneDrive\Escritorio\uvg\4toSemestre\PrograDeMicros\Proyecto3\Projecto3.X\main.asm
        SERVO0_DECENAS_RX   0x000030       data     static C:\Users\AngelOrellana\OneDrive\Escritorio\uvg\4toSemestre\PrograDeMicros\Proyecto3\Projecto3.X\main.asm
       SERVO0_UNIDADES_RX   0x000031       data     static C:\Users\AngelOrellana\OneDrive\Escritorio\uvg\4toSemestre\PrograDeMicros\Proyecto3\Projecto3.X\main.asm
       SERVO1_CENTENAS_RX   0x000032       data     static C:\Users\AngelOrellana\OneDrive\Escritorio\uvg\4toSemestre\PrograDeMicros\Proyecto3\Projecto3.X\main.asm
        SERVO1_DECENAS_RX   0x000033       data     static C:\Users\AngelOrellana\OneDrive\Escritorio\uvg\4toSemestre\PrograDeMicros\Proyecto3\Projecto3.X\main.asm
       SERVO1_UNIDADES_RX   0x000034       data     static C:\Users\AngelOrellana\OneDrive\Escritorio\uvg\4toSemestre\PrograDeMicros\Proyecto3\Projecto3.X\main.asm
       SERVO2_CENTENAS_RX   0x000035       data     static C:\Users\AngelOrellana\OneDrive\Escritorio\uvg\4toSemestre\PrograDeMicros\Proyecto3\Projecto3.X\main.asm
        SERVO2_DECENAS_RX   0x000036       data     static C:\Users\AngelOrellana\OneDrive\Escritorio\uvg\4toSemestre\PrograDeMicros\Proyecto3\Projecto3.X\main.asm
       SERVO2_UNIDADES_RX   0x000037       data     static C:\Users\AngelOrellana\OneDrive\Escritorio\uvg\4toSemestre\PrograDeMicros\Proyecto3\Projecto3.X\main.asm
       SERVO3_CENTENAS_RX   0x000038       data     static C:\Users\AngelOrellana\OneDrive\Escritorio\uvg\4toSemestre\PrograDeMicros\Proyecto3\Projecto3.X\main.asm
        SERVO3_DECENAS_RX   0x000039       data     static C:\Users\AngelOrellana\OneDrive\Escritorio\uvg\4toSemestre\PrograDeMicros\Proyecto3\Projecto3.X\main.asm
       SERVO3_UNIDADES_RX   0x00003a       data     static C:\Users\AngelOrellana\OneDrive\Escritorio\uvg\4toSemestre\PrograDeMicros\Proyecto3\Projecto3.X\main.asm
            SERVO_GUARDAR   0x00003b       data     static C:\Users\AngelOrellana\OneDrive\Escritorio\uvg\4toSemestre\PrograDeMicros\Proyecto3\Projecto3.X\main.asm
                   RC_AUX   0x00003c       data     static C:\Users\AngelOrellana\OneDrive\Escritorio\uvg\4toSemestre\PrograDeMicros\Proyecto3\Projecto3.X\main.asm
    VALOR_CENTENAS_SERVO0   0x00003d       data     static C:\Users\AngelOrellana\OneDrive\Escritorio\uvg\4toSemestre\PrograDeMicros\Proyecto3\Projecto3.X\main.asm
     VALOR_DECENAS_SERVO0   0x00003e       data     static C:\Users\AngelOrellana\OneDrive\Escritorio\uvg\4toSemestre\PrograDeMicros\Proyecto3\Projecto3.X\main.asm
    VALOR_UNIDADES_SERVO0   0x00003f       data     static C:\Users\AngelOrellana\OneDrive\Escritorio\uvg\4toSemestre\PrograDeMicros\Proyecto3\Projecto3.X\main.asm
    VALOR_CENTENAS_SERVO2   0x000040       data     static C:\Users\AngelOrellana\OneDrive\Escritorio\uvg\4toSemestre\PrograDeMicros\Proyecto3\Projecto3.X\main.asm
     VALOR_DECENAS_SERVO2   0x000041       data     static C:\Users\AngelOrellana\OneDrive\Escritorio\uvg\4toSemestre\PrograDeMicros\Proyecto3\Projecto3.X\main.asm
    VALOR_UNIDADES_SERVO2   0x000042       data     static C:\Users\AngelOrellana\OneDrive\Escritorio\uvg\4toSemestre\PrograDeMicros\Proyecto3\Projecto3.X\main.asm
    VALOR_CENTENAS_SERVO3   0x000043       data     static C:\Users\AngelOrellana\OneDrive\Escritorio\uvg\4toSemestre\PrograDeMicros\Proyecto3\Projecto3.X\main.asm
     VALOR_DECENAS_SERVO3   0x000044       data     static C:\Users\AngelOrellana\OneDrive\Escritorio\uvg\4toSemestre\PrograDeMicros\Proyecto3\Projecto3.X\main.asm
    VALOR_UNIDADES_SERVO3   0x000045       data     static C:\Users\AngelOrellana\OneDrive\Escritorio\uvg\4toSemestre\PrograDeMicros\Proyecto3\Projecto3.X\main.asm
    VALOR_CENTENAS_SERVO1   0x000046       data     static C:\Users\AngelOrellana\OneDrive\Escritorio\uvg\4toSemestre\PrograDeMicros\Proyecto3\Projecto3.X\main.asm
     VALOR_DECENAS_SERVO1   0x000047       data     static C:\Users\AngelOrellana\OneDrive\Escritorio\uvg\4toSemestre\PrograDeMicros\Proyecto3\Projecto3.X\main.asm
    VALOR_UNIDADES_SERVO1   0x000048       data     static C:\Users\AngelOrellana\OneDrive\Escritorio\uvg\4toSemestre\PrograDeMicros\Proyecto3\Projecto3.X\main.asm
                VALOR_BIN   0x000049       data     static C:\Users\AngelOrellana\OneDrive\Escritorio\uvg\4toSemestre\PrograDeMicros\Proyecto3\Projecto3.X\main.asm
           VALOR_CENTENAS   0x00004a       data     static C:\Users\AngelOrellana\OneDrive\Escritorio\uvg\4toSemestre\PrograDeMicros\Proyecto3\Projecto3.X\main.asm
            VALOR_DECENAS   0x00004b       data     static C:\Users\AngelOrellana\OneDrive\Escritorio\uvg\4toSemestre\PrograDeMicros\Proyecto3\Projecto3.X\main.asm
           VALOR_UNIDADES   0x00004c       data     static C:\Users\AngelOrellana\OneDrive\Escritorio\uvg\4toSemestre\PrograDeMicros\Proyecto3\Projecto3.X\main.asm


