MPLINK 5.09, LINKER
Linker Map File - Created Fri Nov 27 03:18:48 2020

                                 Section Info
                  Section       Type    Address   Location Size(Bytes)
                ---------  ---------  ---------  ---------  ---------
                 RES_VECT       code   0x000000    program   0x000002
                   .cinit    romdata   0x000001    program   0x000004
                 ISR_VECT       code   0x000004    program   0x00006c
                MAIN_PROG       code   0x00003a    program   0x00008c
.config_2007_BUILD/DEFAULT/PRODUCTION/MAIN.O       code   0x002007    program   0x000002
.config_2008_BUILD/DEFAULT/PRODUCTION/MAIN.O       code   0x002008    program   0x000002
                   PR_VAR      udata   0x000020       data   0x00000c



                              Program Memory Usage 
                               Start         End      
                           ---------   ---------      
                            0x000000    0x000002      
                            0x000004    0x00007f      
                            0x002007    0x002008      
            129 out of 8455 program addresses used, program memory utilization is 1%



                              Symbols - Sorted by Name
                     Name    Address   Location    Storage File                     
                ---------  ---------  ---------  --------- ---------                
                  ADC_INT   0x00001a    program     static C:\Users\AngelOrellana\OneDrive\Escritorio\uvg\4toSemestre\PrograDeMicros\Proyecto3\ayudaDan.X\main.asm
                AJUSTE_CT   0x000073    program     static C:\Users\AngelOrellana\OneDrive\Escritorio\uvg\4toSemestre\PrograDeMicros\Proyecto3\ayudaDan.X\main.asm
                DELAY_4US   0x000079    program     static C:\Users\AngelOrellana\OneDrive\Escritorio\uvg\4toSemestre\PrograDeMicros\Proyecto3\ayudaDan.X\main.asm
             INICIAR_CONV   0x000031    program     static C:\Users\AngelOrellana\OneDrive\Escritorio\uvg\4toSemestre\PrograDeMicros\Proyecto3\ayudaDan.X\main.asm
           INICIO_PERIODO   0x000011    program     static C:\Users\AngelOrellana\OneDrive\Escritorio\uvg\4toSemestre\PrograDeMicros\Proyecto3\ayudaDan.X\main.asm
                      ISR   0x000009    program     static C:\Users\AngelOrellana\OneDrive\Escritorio\uvg\4toSemestre\PrograDeMicros\Proyecto3\ayudaDan.X\main.asm
                     LOAD   0x000033    program     static C:\Users\AngelOrellana\OneDrive\Escritorio\uvg\4toSemestre\PrograDeMicros\Proyecto3\ayudaDan.X\main.asm
                     LOOP   0x000063    program     static C:\Users\AngelOrellana\OneDrive\Escritorio\uvg\4toSemestre\PrograDeMicros\Proyecto3\ayudaDan.X\main.asm
                     PWM2   0x000017    program     static C:\Users\AngelOrellana\OneDrive\Escritorio\uvg\4toSemestre\PrograDeMicros\Proyecto3\ayudaDan.X\main.asm
                     SAVE   0x000004    program     static C:\Users\AngelOrellana\OneDrive\Escritorio\uvg\4toSemestre\PrograDeMicros\Proyecto3\ayudaDan.X\main.asm
               SERVO0_ADC   0x000023    program     static C:\Users\AngelOrellana\OneDrive\Escritorio\uvg\4toSemestre\PrograDeMicros\Proyecto3\ayudaDan.X\main.asm
               SERVO1_ADC   0x000028    program     static C:\Users\AngelOrellana\OneDrive\Escritorio\uvg\4toSemestre\PrograDeMicros\Proyecto3\ayudaDan.X\main.asm
               SERVO2_ADC   0x00002d    program     static C:\Users\AngelOrellana\OneDrive\Escritorio\uvg\4toSemestre\PrograDeMicros\Proyecto3\ayudaDan.X\main.asm
                    START   0x00003a    program     static C:\Users\AngelOrellana\OneDrive\Escritorio\uvg\4toSemestre\PrograDeMicros\Proyecto3\ayudaDan.X\main.asm
          _MAIN_PROG_0044   0x00007e    program     static C:\Users\AngelOrellana\OneDrive\Escritorio\uvg\4toSemestre\PrograDeMicros\Proyecto3\ayudaDan.X\main.asm
                  ANTIREB   0x000020       data     static C:\Users\AngelOrellana\OneDrive\Escritorio\uvg\4toSemestre\PrograDeMicros\Proyecto3\ayudaDan.X\main.asm
                    CICLO   0x000024       data     static C:\Users\AngelOrellana\OneDrive\Escritorio\uvg\4toSemestre\PrograDeMicros\Proyecto3\ayudaDan.X\main.asm
                    CONT1   0x000021       data     static C:\Users\AngelOrellana\OneDrive\Escritorio\uvg\4toSemestre\PrograDeMicros\Proyecto3\ayudaDan.X\main.asm
                 CONT_ADC   0x000028       data     static C:\Users\AngelOrellana\OneDrive\Escritorio\uvg\4toSemestre\PrograDeMicros\Proyecto3\ayudaDan.X\main.asm
                      CT1   0x000022       data     static C:\Users\AngelOrellana\OneDrive\Escritorio\uvg\4toSemestre\PrograDeMicros\Proyecto3\ayudaDan.X\main.asm
                     ROTF   0x000023       data     static C:\Users\AngelOrellana\OneDrive\Escritorio\uvg\4toSemestre\PrograDeMicros\Proyecto3\ayudaDan.X\main.asm
                   SERVO0   0x000025       data     static C:\Users\AngelOrellana\OneDrive\Escritorio\uvg\4toSemestre\PrograDeMicros\Proyecto3\ayudaDan.X\main.asm
                   SERVO1   0x000026       data     static C:\Users\AngelOrellana\OneDrive\Escritorio\uvg\4toSemestre\PrograDeMicros\Proyecto3\ayudaDan.X\main.asm
                   SERVO2   0x000027       data     static C:\Users\AngelOrellana\OneDrive\Escritorio\uvg\4toSemestre\PrograDeMicros\Proyecto3\ayudaDan.X\main.asm
                 TEMP_FSR   0x00002b       data     static C:\Users\AngelOrellana\OneDrive\Escritorio\uvg\4toSemestre\PrograDeMicros\Proyecto3\ayudaDan.X\main.asm
              TEMP_STATUS   0x000029       data     static C:\Users\AngelOrellana\OneDrive\Escritorio\uvg\4toSemestre\PrograDeMicros\Proyecto3\ayudaDan.X\main.asm
                   TEMP_W   0x00002a       data     static C:\Users\AngelOrellana\OneDrive\Escritorio\uvg\4toSemestre\PrograDeMicros\Proyecto3\ayudaDan.X\main.asm



                              Symbols - Sorted by Address
                     Name    Address   Location    Storage File                     
                ---------  ---------  ---------  --------- ---------                
                     SAVE   0x000004    program     static C:\Users\AngelOrellana\OneDrive\Escritorio\uvg\4toSemestre\PrograDeMicros\Proyecto3\ayudaDan.X\main.asm
                      ISR   0x000009    program     static C:\Users\AngelOrellana\OneDrive\Escritorio\uvg\4toSemestre\PrograDeMicros\Proyecto3\ayudaDan.X\main.asm
           INICIO_PERIODO   0x000011    program     static C:\Users\AngelOrellana\OneDrive\Escritorio\uvg\4toSemestre\PrograDeMicros\Proyecto3\ayudaDan.X\main.asm
                     PWM2   0x000017    program     static C:\Users\AngelOrellana\OneDrive\Escritorio\uvg\4toSemestre\PrograDeMicros\Proyecto3\ayudaDan.X\main.asm
                  ADC_INT   0x00001a    program     static C:\Users\AngelOrellana\OneDrive\Escritorio\uvg\4toSemestre\PrograDeMicros\Proyecto3\ayudaDan.X\main.asm
               SERVO0_ADC   0x000023    program     static C:\Users\AngelOrellana\OneDrive\Escritorio\uvg\4toSemestre\PrograDeMicros\Proyecto3\ayudaDan.X\main.asm
               SERVO1_ADC   0x000028    program     static C:\Users\AngelOrellana\OneDrive\Escritorio\uvg\4toSemestre\PrograDeMicros\Proyecto3\ayudaDan.X\main.asm
               SERVO2_ADC   0x00002d    program     static C:\Users\AngelOrellana\OneDrive\Escritorio\uvg\4toSemestre\PrograDeMicros\Proyecto3\ayudaDan.X\main.asm
             INICIAR_CONV   0x000031    program     static C:\Users\AngelOrellana\OneDrive\Escritorio\uvg\4toSemestre\PrograDeMicros\Proyecto3\ayudaDan.X\main.asm
                     LOAD   0x000033    program     static C:\Users\AngelOrellana\OneDrive\Escritorio\uvg\4toSemestre\PrograDeMicros\Proyecto3\ayudaDan.X\main.asm
                    START   0x00003a    program     static C:\Users\AngelOrellana\OneDrive\Escritorio\uvg\4toSemestre\PrograDeMicros\Proyecto3\ayudaDan.X\main.asm
                     LOOP   0x000063    program     static C:\Users\AngelOrellana\OneDrive\Escritorio\uvg\4toSemestre\PrograDeMicros\Proyecto3\ayudaDan.X\main.asm
                AJUSTE_CT   0x000073    program     static C:\Users\AngelOrellana\OneDrive\Escritorio\uvg\4toSemestre\PrograDeMicros\Proyecto3\ayudaDan.X\main.asm
                DELAY_4US   0x000079    program     static C:\Users\AngelOrellana\OneDrive\Escritorio\uvg\4toSemestre\PrograDeMicros\Proyecto3\ayudaDan.X\main.asm
          _MAIN_PROG_0044   0x00007e    program     static C:\Users\AngelOrellana\OneDrive\Escritorio\uvg\4toSemestre\PrograDeMicros\Proyecto3\ayudaDan.X\main.asm
                  ANTIREB   0x000020       data     static C:\Users\AngelOrellana\OneDrive\Escritorio\uvg\4toSemestre\PrograDeMicros\Proyecto3\ayudaDan.X\main.asm
                    CONT1   0x000021       data     static C:\Users\AngelOrellana\OneDrive\Escritorio\uvg\4toSemestre\PrograDeMicros\Proyecto3\ayudaDan.X\main.asm
                      CT1   0x000022       data     static C:\Users\AngelOrellana\OneDrive\Escritorio\uvg\4toSemestre\PrograDeMicros\Proyecto3\ayudaDan.X\main.asm
                     ROTF   0x000023       data     static C:\Users\AngelOrellana\OneDrive\Escritorio\uvg\4toSemestre\PrograDeMicros\Proyecto3\ayudaDan.X\main.asm
                    CICLO   0x000024       data     static C:\Users\AngelOrellana\OneDrive\Escritorio\uvg\4toSemestre\PrograDeMicros\Proyecto3\ayudaDan.X\main.asm
                   SERVO0   0x000025       data     static C:\Users\AngelOrellana\OneDrive\Escritorio\uvg\4toSemestre\PrograDeMicros\Proyecto3\ayudaDan.X\main.asm
                   SERVO1   0x000026       data     static C:\Users\AngelOrellana\OneDrive\Escritorio\uvg\4toSemestre\PrograDeMicros\Proyecto3\ayudaDan.X\main.asm
                   SERVO2   0x000027       data     static C:\Users\AngelOrellana\OneDrive\Escritorio\uvg\4toSemestre\PrograDeMicros\Proyecto3\ayudaDan.X\main.asm
                 CONT_ADC   0x000028       data     static C:\Users\AngelOrellana\OneDrive\Escritorio\uvg\4toSemestre\PrograDeMicros\Proyecto3\ayudaDan.X\main.asm
              TEMP_STATUS   0x000029       data     static C:\Users\AngelOrellana\OneDrive\Escritorio\uvg\4toSemestre\PrograDeMicros\Proyecto3\ayudaDan.X\main.asm
                   TEMP_W   0x00002a       data     static C:\Users\AngelOrellana\OneDrive\Escritorio\uvg\4toSemestre\PrograDeMicros\Proyecto3\ayudaDan.X\main.asm
                 TEMP_FSR   0x00002b       data     static C:\Users\AngelOrellana\OneDrive\Escritorio\uvg\4toSemestre\PrograDeMicros\Proyecto3\ayudaDan.X\main.asm


