MPLINK 5.09, LINKER
Linker Map File - Created Sat Nov 14 23:35:26 2020

                                 Section Info
                  Section       Type    Address   Location Size(Bytes)
                ---------  ---------  ---------  ---------  ---------
                 RES_VECT       code   0x000000    program   0x000002
                   .cinit    romdata   0x000001    program   0x000004
                 INT_VECT       code   0x000004    program   0x00005c
                MAIN_PROG       code   0x000032    program   0x0000a4
.config_2007_BUILD/DEFAULT/PRODUCTION/MAIN.O       code   0x002007    program   0x000002
.config_2008_BUILD/DEFAULT/PRODUCTION/MAIN.O       code   0x002008    program   0x000002
                     VARS      udata   0x000020       data   0x00000d



                              Program Memory Usage 
                               Start         End      
                           ---------   ---------      
                            0x000000    0x000002      
                            0x000004    0x000083      
                            0x002007    0x002008      
            133 out of 8455 program addresses used, program memory utilization is 1%



                              Symbols - Sorted by Name
                     Name    Address   Location    Storage File                     
                ---------  ---------  ---------  --------- ---------                
                  ES_ADC0   0x000014    program     static C:\Users\AngelOrellana\OneDrive\Escritorio\uvg\4toSemestre\PrograDeMicros\Proyecto3\Projecto3.X\main.asm
                  ES_ADC1   0x000019    program     static C:\Users\AngelOrellana\OneDrive\Escritorio\uvg\4toSemestre\PrograDeMicros\Proyecto3\Projecto3.X\main.asm
                  ES_ADC2   0x00001e    program     static C:\Users\AngelOrellana\OneDrive\Escritorio\uvg\4toSemestre\PrograDeMicros\Proyecto3\Projecto3.X\main.asm
                  ES_ADC3   0x000023    program     static C:\Users\AngelOrellana\OneDrive\Escritorio\uvg\4toSemestre\PrograDeMicros\Proyecto3\Projecto3.X\main.asm
                      FIN   0x000027    program     static C:\Users\AngelOrellana\OneDrive\Escritorio\uvg\4toSemestre\PrograDeMicros\Proyecto3\Projecto3.X\main.asm
                  INT_ADC   0x00000c    program     static C:\Users\AngelOrellana\OneDrive\Escritorio\uvg\4toSemestre\PrograDeMicros\Proyecto3\Projecto3.X\main.asm
                 INT_TMR2   0x00002a    program     static C:\Users\AngelOrellana\OneDrive\Escritorio\uvg\4toSemestre\PrograDeMicros\Proyecto3\Projecto3.X\main.asm
                      ISR   0x000007    program     static C:\Users\AngelOrellana\OneDrive\Escritorio\uvg\4toSemestre\PrograDeMicros\Proyecto3\Projecto3.X\main.asm
                     LOAD   0x00002d    program     static C:\Users\AngelOrellana\OneDrive\Escritorio\uvg\4toSemestre\PrograDeMicros\Proyecto3\Projecto3.X\main.asm
                     LOOP   0x000054    program     static C:\Users\AngelOrellana\OneDrive\Escritorio\uvg\4toSemestre\PrograDeMicros\Proyecto3\Projecto3.X\main.asm
                      PWM   0x000072    program     static C:\Users\AngelOrellana\OneDrive\Escritorio\uvg\4toSemestre\PrograDeMicros\Proyecto3\Projecto3.X\main.asm
                     SAVE   0x000004    program     static C:\Users\AngelOrellana\OneDrive\Escritorio\uvg\4toSemestre\PrograDeMicros\Proyecto3\Projecto3.X\main.asm
                    START   0x000032    program     static C:\Users\AngelOrellana\OneDrive\Escritorio\uvg\4toSemestre\PrograDeMicros\Proyecto3\Projecto3.X\main.asm
                VALOR_PWM   0x00007d    program     static C:\Users\AngelOrellana\OneDrive\Escritorio\uvg\4toSemestre\PrograDeMicros\Proyecto3\Projecto3.X\main.asm
                     ADC0   0x000020       data     static C:\Users\AngelOrellana\OneDrive\Escritorio\uvg\4toSemestre\PrograDeMicros\Proyecto3\Projecto3.X\main.asm
                     ADC1   0x000021       data     static C:\Users\AngelOrellana\OneDrive\Escritorio\uvg\4toSemestre\PrograDeMicros\Proyecto3\Projecto3.X\main.asm
                     ADC2   0x000022       data     static C:\Users\AngelOrellana\OneDrive\Escritorio\uvg\4toSemestre\PrograDeMicros\Proyecto3\Projecto3.X\main.asm
                     ADC3   0x000023       data     static C:\Users\AngelOrellana\OneDrive\Escritorio\uvg\4toSemestre\PrograDeMicros\Proyecto3\Projecto3.X\main.asm
               AJUSTE_PWM   0x000029       data     static C:\Users\AngelOrellana\OneDrive\Escritorio\uvg\4toSemestre\PrograDeMicros\Proyecto3\Projecto3.X\main.asm
             CONTADOR_ADC   0x000024       data     static C:\Users\AngelOrellana\OneDrive\Escritorio\uvg\4toSemestre\PrograDeMicros\Proyecto3\Projecto3.X\main.asm
             CONTADOR_PWM   0x000028       data     static C:\Users\AngelOrellana\OneDrive\Escritorio\uvg\4toSemestre\PrograDeMicros\Proyecto3\Projecto3.X\main.asm
            CONTADOR_TMR0   0x00002c       data     static C:\Users\AngelOrellana\OneDrive\Escritorio\uvg\4toSemestre\PrograDeMicros\Proyecto3\Projecto3.X\main.asm
                    FLAGS   0x000025       data     static C:\Users\AngelOrellana\OneDrive\Escritorio\uvg\4toSemestre\PrograDeMicros\Proyecto3\Projecto3.X\main.asm
               STATUS_RAM   0x000027       data     static C:\Users\AngelOrellana\OneDrive\Escritorio\uvg\4toSemestre\PrograDeMicros\Proyecto3\Projecto3.X\main.asm
                 TRABAJO1   0x00002a       data     static C:\Users\AngelOrellana\OneDrive\Escritorio\uvg\4toSemestre\PrograDeMicros\Proyecto3\Projecto3.X\main.asm
                 TRABAJO2   0x00002b       data     static C:\Users\AngelOrellana\OneDrive\Escritorio\uvg\4toSemestre\PrograDeMicros\Proyecto3\Projecto3.X\main.asm
                    W_RAM   0x000026       data     static C:\Users\AngelOrellana\OneDrive\Escritorio\uvg\4toSemestre\PrograDeMicros\Proyecto3\Projecto3.X\main.asm



                              Symbols - Sorted by Address
                     Name    Address   Location    Storage File                     
                ---------  ---------  ---------  --------- ---------                
                     SAVE   0x000004    program     static C:\Users\AngelOrellana\OneDrive\Escritorio\uvg\4toSemestre\PrograDeMicros\Proyecto3\Projecto3.X\main.asm
                      ISR   0x000007    program     static C:\Users\AngelOrellana\OneDrive\Escritorio\uvg\4toSemestre\PrograDeMicros\Proyecto3\Projecto3.X\main.asm
                  INT_ADC   0x00000c    program     static C:\Users\AngelOrellana\OneDrive\Escritorio\uvg\4toSemestre\PrograDeMicros\Proyecto3\Projecto3.X\main.asm
                  ES_ADC0   0x000014    program     static C:\Users\AngelOrellana\OneDrive\Escritorio\uvg\4toSemestre\PrograDeMicros\Proyecto3\Projecto3.X\main.asm
                  ES_ADC1   0x000019    program     static C:\Users\AngelOrellana\OneDrive\Escritorio\uvg\4toSemestre\PrograDeMicros\Proyecto3\Projecto3.X\main.asm
                  ES_ADC2   0x00001e    program     static C:\Users\AngelOrellana\OneDrive\Escritorio\uvg\4toSemestre\PrograDeMicros\Proyecto3\Projecto3.X\main.asm
                  ES_ADC3   0x000023    program     static C:\Users\AngelOrellana\OneDrive\Escritorio\uvg\4toSemestre\PrograDeMicros\Proyecto3\Projecto3.X\main.asm
                      FIN   0x000027    program     static C:\Users\AngelOrellana\OneDrive\Escritorio\uvg\4toSemestre\PrograDeMicros\Proyecto3\Projecto3.X\main.asm
                 INT_TMR2   0x00002a    program     static C:\Users\AngelOrellana\OneDrive\Escritorio\uvg\4toSemestre\PrograDeMicros\Proyecto3\Projecto3.X\main.asm
                     LOAD   0x00002d    program     static C:\Users\AngelOrellana\OneDrive\Escritorio\uvg\4toSemestre\PrograDeMicros\Proyecto3\Projecto3.X\main.asm
                    START   0x000032    program     static C:\Users\AngelOrellana\OneDrive\Escritorio\uvg\4toSemestre\PrograDeMicros\Proyecto3\Projecto3.X\main.asm
                     LOOP   0x000054    program     static C:\Users\AngelOrellana\OneDrive\Escritorio\uvg\4toSemestre\PrograDeMicros\Proyecto3\Projecto3.X\main.asm
                      PWM   0x000072    program     static C:\Users\AngelOrellana\OneDrive\Escritorio\uvg\4toSemestre\PrograDeMicros\Proyecto3\Projecto3.X\main.asm
                VALOR_PWM   0x00007d    program     static C:\Users\AngelOrellana\OneDrive\Escritorio\uvg\4toSemestre\PrograDeMicros\Proyecto3\Projecto3.X\main.asm
                     ADC0   0x000020       data     static C:\Users\AngelOrellana\OneDrive\Escritorio\uvg\4toSemestre\PrograDeMicros\Proyecto3\Projecto3.X\main.asm
                     ADC1   0x000021       data     static C:\Users\AngelOrellana\OneDrive\Escritorio\uvg\4toSemestre\PrograDeMicros\Proyecto3\Projecto3.X\main.asm
                     ADC2   0x000022       data     static C:\Users\AngelOrellana\OneDrive\Escritorio\uvg\4toSemestre\PrograDeMicros\Proyecto3\Projecto3.X\main.asm
                     ADC3   0x000023       data     static C:\Users\AngelOrellana\OneDrive\Escritorio\uvg\4toSemestre\PrograDeMicros\Proyecto3\Projecto3.X\main.asm
             CONTADOR_ADC   0x000024       data     static C:\Users\AngelOrellana\OneDrive\Escritorio\uvg\4toSemestre\PrograDeMicros\Proyecto3\Projecto3.X\main.asm
                    FLAGS   0x000025       data     static C:\Users\AngelOrellana\OneDrive\Escritorio\uvg\4toSemestre\PrograDeMicros\Proyecto3\Projecto3.X\main.asm
                    W_RAM   0x000026       data     static C:\Users\AngelOrellana\OneDrive\Escritorio\uvg\4toSemestre\PrograDeMicros\Proyecto3\Projecto3.X\main.asm
               STATUS_RAM   0x000027       data     static C:\Users\AngelOrellana\OneDrive\Escritorio\uvg\4toSemestre\PrograDeMicros\Proyecto3\Projecto3.X\main.asm
             CONTADOR_PWM   0x000028       data     static C:\Users\AngelOrellana\OneDrive\Escritorio\uvg\4toSemestre\PrograDeMicros\Proyecto3\Projecto3.X\main.asm
               AJUSTE_PWM   0x000029       data     static C:\Users\AngelOrellana\OneDrive\Escritorio\uvg\4toSemestre\PrograDeMicros\Proyecto3\Projecto3.X\main.asm
                 TRABAJO1   0x00002a       data     static C:\Users\AngelOrellana\OneDrive\Escritorio\uvg\4toSemestre\PrograDeMicros\Proyecto3\Projecto3.X\main.asm
                 TRABAJO2   0x00002b       data     static C:\Users\AngelOrellana\OneDrive\Escritorio\uvg\4toSemestre\PrograDeMicros\Proyecto3\Projecto3.X\main.asm
            CONTADOR_TMR0   0x00002c       data     static C:\Users\AngelOrellana\OneDrive\Escritorio\uvg\4toSemestre\PrograDeMicros\Proyecto3\Projecto3.X\main.asm


