MPLINK 5.09, LINKER
Linker Map File - Created Sun Nov 15 14:36:38 2020

                                 Section Info
                  Section       Type    Address   Location Size(Bytes)
                ---------  ---------  ---------  ---------  ---------
                 RES_VECT       code   0x000000    program   0x000002
                   .cinit    romdata   0x000001    program   0x000004
                 INT_VECT       code   0x000004    program   0x000082
                MAIN_PROG       code   0x000045    program   0x00008a
.config_2007_BUILD/DEFAULT/PRODUCTION/MAIN.O       code   0x002007    program   0x000002
.config_2008_BUILD/DEFAULT/PRODUCTION/MAIN.O       code   0x002008    program   0x000002
                     VARS      udata   0x000020       data   0x00000d



                              Program Memory Usage 
                               Start         End      
                           ---------   ---------      
                            0x000000    0x000002      
                            0x000004    0x000089      
                            0x002007    0x002008      
            139 out of 8455 program addresses used, program memory utilization is 1%



                              Symbols - Sorted by Name
                     Name    Address   Location    Storage File                     
                ---------  ---------  ---------  --------- ---------                
                  ES_ADC0   0x00002b    program     static C:\Users\AngelOrellana\OneDrive\Escritorio\uvg\4toSemestre\PrograDeMicros\Proyecto3\Projecto3.X\main.asm
                  ES_ADC1   0x000030    program     static C:\Users\AngelOrellana\OneDrive\Escritorio\uvg\4toSemestre\PrograDeMicros\Proyecto3\Projecto3.X\main.asm
                  ES_ADC2   0x000035    program     static C:\Users\AngelOrellana\OneDrive\Escritorio\uvg\4toSemestre\PrograDeMicros\Proyecto3\Projecto3.X\main.asm
                  ES_ADC3   0x00003a    program     static C:\Users\AngelOrellana\OneDrive\Escritorio\uvg\4toSemestre\PrograDeMicros\Proyecto3\Projecto3.X\main.asm
                      FIN   0x00003e    program     static C:\Users\AngelOrellana\OneDrive\Escritorio\uvg\4toSemestre\PrograDeMicros\Proyecto3\Projecto3.X\main.asm
           INICIO_PERIODO   0x000010    program     static C:\Users\AngelOrellana\OneDrive\Escritorio\uvg\4toSemestre\PrograDeMicros\Proyecto3\Projecto3.X\main.asm
                  INT_ADC   0x000021    program     static C:\Users\AngelOrellana\OneDrive\Escritorio\uvg\4toSemestre\PrograDeMicros\Proyecto3\Projecto3.X\main.asm
                 INT_TMR0   0x000007    program     static C:\Users\AngelOrellana\OneDrive\Escritorio\uvg\4toSemestre\PrograDeMicros\Proyecto3\Projecto3.X\main.asm
                     LOAD   0x000040    program     static C:\Users\AngelOrellana\OneDrive\Escritorio\uvg\4toSemestre\PrograDeMicros\Proyecto3\Projecto3.X\main.asm
                     LOOP   0x00006e    program     static C:\Users\AngelOrellana\OneDrive\Escritorio\uvg\4toSemestre\PrograDeMicros\Proyecto3\Projecto3.X\main.asm
                     PWM1   0x000016    program     static C:\Users\AngelOrellana\OneDrive\Escritorio\uvg\4toSemestre\PrograDeMicros\Proyecto3\Projecto3.X\main.asm
                     PWM2   0x00001d    program     static C:\Users\AngelOrellana\OneDrive\Escritorio\uvg\4toSemestre\PrograDeMicros\Proyecto3\Projecto3.X\main.asm
                     SAVE   0x000004    program     static C:\Users\AngelOrellana\OneDrive\Escritorio\uvg\4toSemestre\PrograDeMicros\Proyecto3\Projecto3.X\main.asm
                    START   0x000045    program     static C:\Users\AngelOrellana\OneDrive\Escritorio\uvg\4toSemestre\PrograDeMicros\Proyecto3\Projecto3.X\main.asm
                VALOR_PWM   0x000083    program     static C:\Users\AngelOrellana\OneDrive\Escritorio\uvg\4toSemestre\PrograDeMicros\Proyecto3\Projecto3.X\main.asm
                     ADC0   0x000020       data     static C:\Users\AngelOrellana\OneDrive\Escritorio\uvg\4toSemestre\PrograDeMicros\Proyecto3\Projecto3.X\main.asm
                     ADC1   0x000021       data     static C:\Users\AngelOrellana\OneDrive\Escritorio\uvg\4toSemestre\PrograDeMicros\Proyecto3\Projecto3.X\main.asm
                     ADC2   0x000022       data     static C:\Users\AngelOrellana\OneDrive\Escritorio\uvg\4toSemestre\PrograDeMicros\Proyecto3\Projecto3.X\main.asm
                     ADC3   0x000023       data     static C:\Users\AngelOrellana\OneDrive\Escritorio\uvg\4toSemestre\PrograDeMicros\Proyecto3\Projecto3.X\main.asm
               AJUSTE_PWM   0x000029       data     static C:\Users\AngelOrellana\OneDrive\Escritorio\uvg\4toSemestre\PrograDeMicros\Proyecto3\Projecto3.X\main.asm
             CONTADOR_ADC   0x000024       data     static C:\Users\AngelOrellana\OneDrive\Escritorio\uvg\4toSemestre\PrograDeMicros\Proyecto3\Projecto3.X\main.asm
             CONTADOR_PWM   0x000028       data     static C:\Users\AngelOrellana\OneDrive\Escritorio\uvg\4toSemestre\PrograDeMicros\Proyecto3\Projecto3.X\main.asm
                    FLAGS   0x000025       data     static C:\Users\AngelOrellana\OneDrive\Escritorio\uvg\4toSemestre\PrograDeMicros\Proyecto3\Projecto3.X\main.asm
                SECUENCIA   0x00002c       data     static C:\Users\AngelOrellana\OneDrive\Escritorio\uvg\4toSemestre\PrograDeMicros\Proyecto3\Projecto3.X\main.asm
               STATUS_RAM   0x000027       data     static C:\Users\AngelOrellana\OneDrive\Escritorio\uvg\4toSemestre\PrograDeMicros\Proyecto3\Projecto3.X\main.asm
                 TRABAJO1   0x00002a       data     static C:\Users\AngelOrellana\OneDrive\Escritorio\uvg\4toSemestre\PrograDeMicros\Proyecto3\Projecto3.X\main.asm
                 TRABAJO2   0x00002b       data     static C:\Users\AngelOrellana\OneDrive\Escritorio\uvg\4toSemestre\PrograDeMicros\Proyecto3\Projecto3.X\main.asm
                    W_RAM   0x000026       data     static C:\Users\AngelOrellana\OneDrive\Escritorio\uvg\4toSemestre\PrograDeMicros\Proyecto3\Projecto3.X\main.asm



                              Symbols - Sorted by Address
                     Name    Address   Location    Storage File                     
                ---------  ---------  ---------  --------- ---------                
                     SAVE   0x000004    program     static C:\Users\AngelOrellana\OneDrive\Escritorio\uvg\4toSemestre\PrograDeMicros\Proyecto3\Projecto3.X\main.asm
                 INT_TMR0   0x000007    program     static C:\Users\AngelOrellana\OneDrive\Escritorio\uvg\4toSemestre\PrograDeMicros\Proyecto3\Projecto3.X\main.asm
           INICIO_PERIODO   0x000010    program     static C:\Users\AngelOrellana\OneDrive\Escritorio\uvg\4toSemestre\PrograDeMicros\Proyecto3\Projecto3.X\main.asm
                     PWM1   0x000016    program     static C:\Users\AngelOrellana\OneDrive\Escritorio\uvg\4toSemestre\PrograDeMicros\Proyecto3\Projecto3.X\main.asm
                     PWM2   0x00001d    program     static C:\Users\AngelOrellana\OneDrive\Escritorio\uvg\4toSemestre\PrograDeMicros\Proyecto3\Projecto3.X\main.asm
                  INT_ADC   0x000021    program     static C:\Users\AngelOrellana\OneDrive\Escritorio\uvg\4toSemestre\PrograDeMicros\Proyecto3\Projecto3.X\main.asm
                  ES_ADC0   0x00002b    program     static C:\Users\AngelOrellana\OneDrive\Escritorio\uvg\4toSemestre\PrograDeMicros\Proyecto3\Projecto3.X\main.asm
                  ES_ADC1   0x000030    program     static C:\Users\AngelOrellana\OneDrive\Escritorio\uvg\4toSemestre\PrograDeMicros\Proyecto3\Projecto3.X\main.asm
                  ES_ADC2   0x000035    program     static C:\Users\AngelOrellana\OneDrive\Escritorio\uvg\4toSemestre\PrograDeMicros\Proyecto3\Projecto3.X\main.asm
                  ES_ADC3   0x00003a    program     static C:\Users\AngelOrellana\OneDrive\Escritorio\uvg\4toSemestre\PrograDeMicros\Proyecto3\Projecto3.X\main.asm
                      FIN   0x00003e    program     static C:\Users\AngelOrellana\OneDrive\Escritorio\uvg\4toSemestre\PrograDeMicros\Proyecto3\Projecto3.X\main.asm
                     LOAD   0x000040    program     static C:\Users\AngelOrellana\OneDrive\Escritorio\uvg\4toSemestre\PrograDeMicros\Proyecto3\Projecto3.X\main.asm
                    START   0x000045    program     static C:\Users\AngelOrellana\OneDrive\Escritorio\uvg\4toSemestre\PrograDeMicros\Proyecto3\Projecto3.X\main.asm
                     LOOP   0x00006e    program     static C:\Users\AngelOrellana\OneDrive\Escritorio\uvg\4toSemestre\PrograDeMicros\Proyecto3\Projecto3.X\main.asm
                VALOR_PWM   0x000083    program     static C:\Users\AngelOrellana\OneDrive\Escritorio\uvg\4toSemestre\PrograDeMicros\Proyecto3\Projecto3.X\main.asm
                     ADC0   0x000020       data     static C:\Users\AngelOrellana\OneDrive\Escritorio\uvg\4toSemestre\PrograDeMicros\Proyecto3\Projecto3.X\main.asm
                     ADC1   0x000021       data     static C:\Users\AngelOrellana\OneDrive\Escritorio\uvg\4toSemestre\PrograDeMicros\Proyecto3\Projecto3.X\main.asm
                     ADC2   0x000022       data     static C:\Users\AngelOrellana\OneDrive\Escritorio\uvg\4toSemestre\PrograDeMicros\Proyecto3\Projecto3.X\main.asm
                     ADC3   0x000023       data     static C:\Users\AngelOrellana\OneDrive\Escritorio\uvg\4toSemestre\PrograDeMicros\Proyecto3\Projecto3.X\main.asm
             CONTADOR_ADC   0x000024       data     static C:\Users\AngelOrellana\OneDrive\Escritorio\uvg\4toSemestre\PrograDeMicros\Proyecto3\Projecto3.X\main.asm
                    FLAGS   0x000025       data     static C:\Users\AngelOrellana\OneDrive\Escritorio\uvg\4toSemestre\PrograDeMicros\Proyecto3\Projecto3.X\main.asm
                    W_RAM   0x000026       data     static C:\Users\AngelOrellana\OneDrive\Escritorio\uvg\4toSemestre\PrograDeMicros\Proyecto3\Projecto3.X\main.asm
               STATUS_RAM   0x000027       data     static C:\Users\AngelOrellana\OneDrive\Escritorio\uvg\4toSemestre\PrograDeMicros\Proyecto3\Projecto3.X\main.asm
             CONTADOR_PWM   0x000028       data     static C:\Users\AngelOrellana\OneDrive\Escritorio\uvg\4toSemestre\PrograDeMicros\Proyecto3\Projecto3.X\main.asm
               AJUSTE_PWM   0x000029       data     static C:\Users\AngelOrellana\OneDrive\Escritorio\uvg\4toSemestre\PrograDeMicros\Proyecto3\Projecto3.X\main.asm
                 TRABAJO1   0x00002a       data     static C:\Users\AngelOrellana\OneDrive\Escritorio\uvg\4toSemestre\PrograDeMicros\Proyecto3\Projecto3.X\main.asm
                 TRABAJO2   0x00002b       data     static C:\Users\AngelOrellana\OneDrive\Escritorio\uvg\4toSemestre\PrograDeMicros\Proyecto3\Projecto3.X\main.asm
                SECUENCIA   0x00002c       data     static C:\Users\AngelOrellana\OneDrive\Escritorio\uvg\4toSemestre\PrograDeMicros\Proyecto3\Projecto3.X\main.asm


